scripts/archive/check-aoa-docs.ts(1,20): error TS2307: Cannot find module './server/db' or its corresponding type declarations.
scripts/archive/check-aoa-docs.ts(14,36): error TS7006: Parameter 'doc' implicitly has an 'any' type.
scripts/archive/check-aoa-docs.ts(20,25): error TS7006: Parameter 'doc' implicitly has an 'any' type.
scripts/archive/check-aoa-docs.ts(32,46): error TS7006: Parameter 'doc' implicitly has an 'any' type.
scripts/archive/check-balaji-data.ts(1,22): error TS2307: Cannot find module 'better-sqlite3' or its corresponding type declarations.
scripts/archive/check-crew-docs.ts(1,20): error TS2307: Cannot find module './server/db' or its corresponding type declarations.
scripts/archive/check-crew-docs.ts(13,37): error TS7006: Parameter 'crew' implicitly has an 'any' type.
scripts/archive/check-crew-docs.ts(25,25): error TS7006: Parameter 'doc' implicitly has an 'any' type.
scripts/archive/check-crew-docs.ts(37,34): error TS7006: Parameter 'c' implicitly has an 'any' type.
scripts/archive/check-crew-docs.ts(43,40): error TS7006: Parameter 'doc' implicitly has an 'any' type.
scripts/archive/check-crew-fields.ts(1,20): error TS2307: Cannot find module './server/db' or its corresponding type declarations.
scripts/archive/check-crew-fields.ts(16,38): error TS7006: Parameter 'c' implicitly has an 'any' type.
scripts/archive/check-scanned-docs.ts(1,20): error TS2307: Cannot find module './server/db' or its corresponding type declarations.
scripts/archive/check-scanned-docs.ts(15,28): error TS7006: Parameter 'doc' implicitly has an 'any' type.
scripts/archive/check-scanned-docs.ts(25,40): error TS7006: Parameter 'doc' implicitly has an 'any' type.
scripts/archive/check_db_data.ts(2,20): error TS2307: Cannot find module './server/db' or its corresponding type declarations.
scripts/archive/check_db_data.ts(3,40): error TS2307: Cannot find module './shared/schema' or its corresponding type declarations.
scripts/archive/check_db_data.ts(8,38): error TS7006: Parameter 'c' implicitly has an 'any' type.
scripts/archive/check_db_data.ts(29,23): error TS7006: Parameter 'doc' implicitly has an 'any' type.
scripts/archive/check_db_data.ts(29,28): error TS7006: Parameter 'idx' implicitly has an 'any' type.
scripts/archive/check_scanned_docs.ts(2,20): error TS2307: Cannot find module './server/db' or its corresponding type declarations.
scripts/archive/check_scanned_docs.ts(3,34): error TS2307: Cannot find module './shared/schema' or its corresponding type declarations.
scripts/archive/check_scanned_docs.ts(19,30): error TS7006: Parameter 'res' implicitly has an 'any' type.
scripts/archive/check_scanned_docs.ts(19,35): error TS7006: Parameter 'i' implicitly has an 'any' type.
scripts/archive/cleanup_documents_without_files.ts(1,20): error TS2307: Cannot find module './server/db' or its corresponding type declarations.
scripts/archive/cleanup_documents_without_files.ts(26,34): error TS7006: Parameter 'doc' implicitly has an 'any' type.
scripts/archive/clear_document_links.ts(2,20): error TS2307: Cannot find module './server/db' or its corresponding type declarations.
scripts/archive/clear_document_links.ts(3,27): error TS2307: Cannot find module './shared/schema' or its corresponding type declarations.
scripts/archive/debug-aoa-link.ts(2,20): error TS2307: Cannot find module './server/db' or its corresponding type declarations.
scripts/archive/debug-aoa-link.ts(3,51): error TS2307: Cannot find module './shared/schema' or its corresponding type declarations.
scripts/archive/debug_doc_paths.ts(1,20): error TS2307: Cannot find module './server/db' or its corresponding type declarations.
scripts/archive/debug_doc_paths.ts(11,21): error TS7006: Parameter 'doc' implicitly has an 'any' type.
scripts/archive/debug_document_data.ts(2,20): error TS2307: Cannot find module './server/db' or its corresponding type declarations.
scripts/archive/debug_document_data.ts(3,58): error TS2307: Cannot find module './shared/schema' or its corresponding type declarations.
scripts/archive/debug_document_data.ts(5,45): error TS2307: Cannot find module './server/services/document-verification-service' or its corresponding type declarations.
scripts/archive/debug_document_data.ts(13,38): error TS7006: Parameter 'c' implicitly has an 'any' type.
scripts/archive/debug_document_data.ts(38,27): error TS7006: Parameter 'd' implicitly has an 'any' type.
scripts/archive/debug_document_data.ts(79,80): error TS7006: Parameter 'c' implicitly has an 'any' type.
scripts/archive/debug_document_data.ts(79,155): error TS7006: Parameter 'c' implicitly has an 'any' type.
scripts/archive/delete-all-crew.ts(1,20): error TS2307: Cannot find module './server/db' or its corresponding type declarations.
scripts/archive/delete_bad_cdc_scans.ts(2,20): error TS2307: Cannot find module './server/db' or its corresponding type declarations.
scripts/archive/delete_bad_cdc_scans.ts(3,34): error TS2307: Cannot find module './shared/schema' or its corresponding type declarations.
scripts/archive/delete_only_scanned_data.ts(2,20): error TS2307: Cannot find module './server/db.ts' or its corresponding type declarations.
scripts/archive/delete_only_scanned_data.ts(3,58): error TS2307: Cannot find module './shared/schema.ts' or its corresponding type declarations.
scripts/archive/delete_passport_for_testing.ts(2,20): error TS2307: Cannot find module './server/db.ts' or its corresponding type declarations.
scripts/archive/delete_passport_for_testing.ts(3,58): error TS2307: Cannot find module './shared/schema.ts' or its corresponding type declarations.
scripts/archive/diagnose-database.ts(3,25): error TS2307: Cannot find module './shared/schema.ts' or its corresponding type declarations.
scripts/archive/execute-import.ts(1,20): error TS2307: Cannot find module './server/db' or its corresponding type declarations.
scripts/archive/execute-import.ts(66,48): error TS7006: Parameter 'crew' implicitly has an 'any' type.
scripts/archive/execute-test-email-config.ts(2,25): error TS2307: Cannot find module '../server/storage' or its corresponding type declarations.
scripts/archive/execute-test-email-config.ts(3,34): error TS2307: Cannot find module '../server/services/smtp-email-service' or its corresponding type declarations.
scripts/archive/export-local-data.ts(8,25): error TS2307: Cannot find module './shared/schema.ts' or its corresponding type declarations.
scripts/archive/export-local-data.ts(76,43): error TS18046: 'error' is of type 'unknown'.
scripts/archive/fix-contract-status.ts(1,24): error TS2307: Cannot find module './server/db' or its corresponding type declarations.
scripts/archive/fix-contract-status.ts(2,40): error TS2307: Cannot find module './shared/schema' or its corresponding type declarations.
scripts/archive/fix-contract-status.ts(14,40): error TS7006: Parameter 'c' implicitly has an 'any' type.
scripts/archive/fix-contract-status.ts(15,40): error TS7006: Parameter 'c' implicitly has an 'any' type.
scripts/archive/fix-contract-status.ts(16,41): error TS7006: Parameter 'c' implicitly has an 'any' type.
scripts/archive/fix-contract-status.ts(87,44): error TS7031: Binding element 'c' implicitly has an 'any' type.
scripts/archive/fix-contract-status.ts(87,61): error TS7031: Binding element 'cm' implicitly has an 'any' type.
scripts/archive/import-documents.ts(1,20): error TS2307: Cannot find module './server/db' or its corresponding type declarations.
scripts/archive/import-documents.ts(72,48): error TS7006: Parameter 'crew' implicitly has an 'any' type.
scripts/archive/import-real-data.ts(2,20): error TS2307: Cannot find module './server/db' or its corresponding type declarations.
scripts/archive/import-real-data.ts(3,38): error TS2307: Cannot find module './shared/schema' or its corresponding type declarations.
scripts/archive/import-real-data.ts(72,24): error TS2802: Type 'Set<string>' can only be iterated through when using the '--downlevelIteration' flag or with a '--target' of 'es2015' or higher.
scripts/archive/import-real-data.ts(87,46): error TS7006: Parameter 'v' implicitly has an 'any' type.
scripts/archive/import-replit-data.ts(95,58): error TS18046: 'error' is of type 'unknown'.
scripts/archive/import-replit-data.ts(106,60): error TS18046: 'error' is of type 'unknown'.
scripts/archive/import-replit-data.ts(117,65): error TS18046: 'error' is of type 'unknown'.
scripts/archive/import-replit-data.ts(128,62): error TS18046: 'error' is of type 'unknown'.
scripts/archive/import-replit-data.ts(139,62): error TS18046: 'error' is of type 'unknown'.
scripts/archive/import-replit-data.ts(150,62): error TS18046: 'error' is of type 'unknown'.
scripts/archive/import-replit-data.ts(161,66): error TS18046: 'error' is of type 'unknown'.
scripts/archive/import-replit-data.ts(183,43): error TS18046: 'error' is of type 'unknown'.
scripts/archive/investigate_genesis_crew_history.ts(1,20): error TS2307: Cannot find module './server/db' or its corresponding type declarations.
scripts/archive/investigate_genesis_crew_history.ts(17,58): error TS7006: Parameter 'c' implicitly has an 'any' type.
scripts/archive/investigate_genesis_crew_history.ts(24,47): error TS7006: Parameter 'c' implicitly has an 'any' type.
scripts/archive/investigate_genesis_crew_history.ts(41,43): error TS7006: Parameter 'c' implicitly has an 'any' type.
scripts/archive/investigate_genesis_crew_history.ts(65,43): error TS7006: Parameter 'c' implicitly has an 'any' type.
scripts/archive/investigate_genesis_crew_history.ts(99,68): error TS7006: Parameter 'c' implicitly has an 'any' type.
scripts/archive/relink_and_report.ts(3,20): error TS2307: Cannot find module './server/db' or its corresponding type declarations.
scripts/archive/relink_and_report.ts(22,35): error TS7006: Parameter 'c' implicitly has an 'any' type.
scripts/archive/relink_documents.ts(3,20): error TS2307: Cannot find module './server/db' or its corresponding type declarations.
scripts/archive/relink_documents.ts(26,35): error TS7006: Parameter 'c' implicitly has an 'any' type.
scripts/archive/remove-demo-vessels.ts(2,20): error TS2307: Cannot find module './server/db' or its corresponding type declarations.
scripts/archive/remove-demo-vessels.ts(3,173): error TS2307: Cannot find module './shared/schema' or its corresponding type declarations.
scripts/archive/remove-demo-vessels.ts(28,47): error TS7006: Parameter 'v' implicitly has an 'any' type.
scripts/archive/remove-demo-vessels.ts(31,33): error TS7006: Parameter 'v' implicitly has an 'any' type.
scripts/archive/remove-demo-vessels.ts(38,52): error TS7006: Parameter 'c' implicitly has an 'any' type.
scripts/archive/remove-demo-vessels.ts(69,42): error TS7006: Parameter 'c' implicitly has an 'any' type.
scripts/archive/remove-demo-vessels.ts(95,43): error TS7006: Parameter 'u' implicitly has an 'any' type.
scripts/archive/reproduce_issue.ts(3,32): error TS2307: Cannot find module './server/routes' or its corresponding type declarations.
scripts/archive/reproduce_issue.ts(4,25): error TS2307: Cannot find module './server/storage' or its corresponding type declarations.
scripts/archive/reproduce_issue.ts(5,34): error TS2307: Cannot find module './server/services/smtp-email-service' or its corresponding type declarations.
scripts/archive/reproduce_issue.ts(33,45): error TS7006: Parameter 'c' implicitly has an 'any' type.
scripts/archive/restore-to-object-storage.ts(7,29): error TS2307: Cannot find module '../../server/utils' or its corresponding type declarations.
scripts/archive/restore-to-object-storage.ts(48,66): error TS18046: 'e' is of type 'unknown'.
scripts/archive/restore-to-object-storage.ts(91,76): error TS18046: 'e' is of type 'unknown'.
scripts/archive/send_all_document_emails.ts(2,20): error TS2307: Cannot find module './server/db' or its corresponding type declarations.
scripts/archive/send_all_document_emails.ts(5,34): error TS2307: Cannot find module './server/services/smtp-email-service' or its corresponding type declarations.
scripts/archive/send_another_test.ts(2,36): error TS2307: Cannot find module './server/baileys-init' or its corresponding type declarations.
scripts/archive/send_another_test.ts(3,25): error TS2307: Cannot find module './server/storage' or its corresponding type declarations.
scripts/archive/send_another_test.ts(4,41): error TS2307: Cannot find module './server/services/whatsapp-baileys-provider' or its corresponding type declarations.
scripts/archive/send_direct_test.ts(1,25): error TS2307: Cannot find module './server/storage' or its corresponding type declarations.
scripts/archive/send_direct_test.ts(2,41): error TS2307: Cannot find module './server/services/whatsapp-baileys-provider' or its corresponding type declarations.
scripts/archive/send_real_document_email.ts(2,20): error TS2307: Cannot find module './server/db' or its corresponding type declarations.
scripts/archive/send_real_document_email.ts(5,34): error TS2307: Cannot find module './server/services/smtp-email-service' or its corresponding type declarations.
scripts/archive/send_test_email.ts(2,39): error TS2307: Cannot find module './server/services/document-access-service' or its corresponding type declarations.
scripts/archive/send_test_email.ts(3,61): error TS2307: Cannot find module './server/services/smtp-email-service' or its corresponding type declarations.
scripts/archive/send_test_email.ts(4,20): error TS2307: Cannot find module './server/db' or its corresponding type declarations.
scripts/archive/send_test_notification.ts(1,25): error TS2307: Cannot find module './server/storage' or its corresponding type declarations.
scripts/archive/send_test_notification.ts(2,41): error TS2307: Cannot find module './server/services/whatsapp-baileys-provider' or its corresponding type declarations.
scripts/archive/send_test_now.ts(1,36): error TS2307: Cannot find module './server/baileys-init' or its corresponding type declarations.
scripts/archive/send_test_now.ts(2,25): error TS2307: Cannot find module './server/storage' or its corresponding type declarations.
scripts/archive/test-email.ts(2,25): error TS2307: Cannot find module './server/storage' or its corresponding type declarations.
scripts/archive/test-email.ts(3,34): error TS2307: Cannot find module './server/services/smtp-email-service' or its corresponding type declarations.
scripts/archive/update_coc_number.ts(2,20): error TS2307: Cannot find module './server/db' or its corresponding type declarations.
scripts/archive/update_coc_number.ts(3,40): error TS2307: Cannot find module './shared/schema' or its corresponding type declarations.
scripts/archive/update_coc_number.ts(41,25): error TS7006: Parameter 'doc' implicitly has an 'any' type.
scripts/archive/update_vessel_statuses.ts(2,20): error TS2307: Cannot find module './server/db' or its corresponding type declarations.
scripts/archive/update_vessel_statuses.ts(3,25): error TS2307: Cannot find module './shared/schema' or its corresponding type declarations.
scripts/archive/update_vessel_statuses.ts(49,32): error TS7006: Parameter 'v' implicitly has an 'any' type.
scripts/archive/verify-app-conn.ts(1,20): error TS2307: Cannot find module './server/db' or its corresponding type declarations.
scripts/archive/verify-app-conn.ts(2,45): error TS2307: Cannot find module './shared/schema' or its corresponding type declarations.
scripts/archive/verify-app-conn.ts(9,28): error TS7006: Parameter 'v' implicitly has an 'any' type.
scripts/archive/verify-app-conn.ts(16,26): error TS7006: Parameter 'u' implicitly has an 'any' type.
scripts/archive/verify-database.ts(6,25): error TS2307: Cannot find module './shared/schema.ts' or its corresponding type declarations.
scripts/archive/verify-database.ts(84,49): error TS18046: 'error' is of type 'unknown'.
scripts/archive/verify-deletion.ts(1,20): error TS2307: Cannot find module './server/db' or its corresponding type declarations.
scripts/archive/verify-deletion.ts(27,40): error TS7006: Parameter 'vessel' implicitly has an 'any' type.
scripts/archive/verify-import.ts(1,20): error TS2307: Cannot find module './server/db' or its corresponding type declarations.
scripts/archive/verify-import.ts(14,21): error TS7006: Parameter 'doc' implicitly has an 'any' type.
scripts/archive/verify-import.ts(39,29): error TS7006: Parameter 'doc' implicitly has an 'any' type.
scripts/archive/verify-import.ts(53,21): error TS7006: Parameter 'doc' implicitly has an 'any' type.
scripts/archive/verify_large_attachment.ts(6,34): error TS2307: Cannot find module './server/services/smtp-email-service' or its corresponding type declarations.
scripts/archive/verify_mapping.ts(2,20): error TS2307: Cannot find module './server/db' or its corresponding type declarations.
scripts/archive/verify_mapping.ts(3,40): error TS2307: Cannot find module './shared/schema' or its corresponding type declarations.
scripts/archive/verify_mapping.ts(13,21): error TS7006: Parameter 'c' implicitly has an 'any' type.
scripts/archive/verify_mapping.ts(25,42): error TS7006: Parameter 'n' implicitly has an 'any' type.
